test1
test2
test3
end for now
